2026-06-30 11:29:59 | ==================================================
2026-06-30 11:29:59 | Customer Ledger Update Started
2026-06-30 11:29:59 | Sales Ledger Updated Successfully
2026-06-30 11:29:59 | Service Ledger Updated Successfully
2026-06-30 11:29:59 | Customer Ledger Update Completed Successfully
2026-06-30 11:30:02 | ==================================================
2026-06-30 11:30:02 | Customer Ledger Update Started
2026-06-30 11:30:02 | Sales Ledger Updated Successfully
2026-06-30 11:30:02 | Service Ledger Updated Successfully
2026-06-30 11:30:02 | Customer Ledger Update Completed Successfully
2026-06-30 12:21:01 | ==================================================
2026-06-30 12:21:01 | Customer Ledger Update Started
2026-06-30 12:21:01 | Sales Ledger Updated Successfully
2026-06-30 12:21:01 | Service Ledger Updated Successfully
2026-06-30 12:21:01 | Customer Ledger Update Completed Successfully
2026-06-30 12:21:05 | ==================================================
2026-06-30 12:21:05 | Customer Ledger Update Started
2026-06-30 12:21:05 | Sales Ledger Updated Successfully
2026-06-30 12:21:05 | Service Ledger Updated Successfully
2026-06-30 12:21:05 | Customer Ledger Update Completed Successfully
2026-06-30 13:04:30 | ==================================================
2026-06-30 13:04:30 | Customer Ledger Update Started
2026-06-30 13:04:30 | Sales Ledger Updated Successfully
2026-06-30 13:04:30 | Service Ledger Updated Successfully
2026-06-30 13:04:30 | Customer Ledger Update Completed Successfully
2026-06-30 13:16:52 | ==================================================
2026-06-30 13:16:52 | Customer Ledger Update Started
2026-06-30 13:16:52 | Sales Ledger Updated Successfully
2026-06-30 13:16:52 | Service Ledger Updated Successfully
2026-06-30 13:16:52 | Customer Ledger Update Completed Successfully
2026-07-01 08:01:23 | ==================================================
2026-07-01 08:01:23 | Customer Ledger Update Started
2026-07-01 08:01:23 | Sales Ledger Updated Successfully
2026-07-01 08:01:23 | Service Ledger Updated Successfully
2026-07-01 08:01:23 | Customer Ledger Update Completed Successfully
2026-07-01 08:07:02 | ==================================================
2026-07-01 08:07:02 | Customer Ledger Update Started
2026-07-01 08:07:02 | Sales Ledger Updated Successfully
2026-07-01 08:07:02 | Service Ledger Updated Successfully
2026-07-01 08:07:02 | Customer Ledger Update Completed Successfully
2026-07-01 23:00:03 | ==================================================
2026-07-01 23:00:03 | Customer Ledger Update Started
2026-07-01 23:00:03 | Sales Ledger Updated Successfully
2026-07-01 23:00:03 | Service Ledger Updated Successfully
2026-07-01 23:00:03 | Customer Ledger Update Completed Successfully
2026-07-02 23:00:03 | ==================================================
2026-07-02 23:00:03 | Customer Ledger Update Started
2026-07-02 23:00:03 | Sales Ledger Updated Successfully
2026-07-02 23:00:03 | Service Ledger Updated Successfully
2026-07-02 23:00:03 | Customer Ledger Update Completed Successfully
